{
    "bindAddress": "127.0.0.1",
    "port": 443,
    "domain": "auth.example.net",
    "jwt": {
      "secret": "N4N6Zpwq6tCHR3CcvHmnUynQhU6R6dk0wfi3kFV1o9I0OV6l53xRxQlvQA76aYgP",
      "cookieName": "my_jwt_cookie"
    }
}
